mode: set
github.com/flowpilotx/sharedlib/redis/redis.go:79.30,93.2 1 1
github.com/flowpilotx/sharedlib/redis/redis.go:127.46,128.16 1 1
github.com/flowpilotx/sharedlib/redis/redis.go:128.16,130.3 1 0
github.com/flowpilotx/sharedlib/redis/redis.go:133.2,133.44 1 1
github.com/flowpilotx/sharedlib/redis/redis.go:133.44,135.3 1 1
github.com/flowpilotx/sharedlib/redis/redis.go:137.2,141.18 3 1
github.com/flowpilotx/sharedlib/redis/redis.go:142.22,153.5 1 1
github.com/flowpilotx/sharedlib/redis/redis.go:154.19,164.5 1 1
github.com/flowpilotx/sharedlib/redis/redis.go:168.2,168.34 1 1
github.com/flowpilotx/sharedlib/redis/redis.go:168.34,170.3 1 0
github.com/flowpilotx/sharedlib/redis/redis.go:172.2,185.38 3 1
github.com/flowpilotx/sharedlib/redis/redis.go:185.38,188.3 2 0
github.com/flowpilotx/sharedlib/redis/redis.go:190.2,190.20 1 1
github.com/flowpilotx/sharedlib/redis/redis.go:195.40,196.59 1 1
github.com/flowpilotx/sharedlib/redis/redis.go:196.59,198.3 1 1
github.com/flowpilotx/sharedlib/redis/redis.go:199.2,199.29 1 1
github.com/flowpilotx/sharedlib/redis/redis.go:199.29,201.3 1 1
github.com/flowpilotx/sharedlib/redis/redis.go:202.2,202.58 1 1
github.com/flowpilotx/sharedlib/redis/redis.go:202.58,204.3 1 1
github.com/flowpilotx/sharedlib/redis/redis.go:207.2,207.23 1 1
github.com/flowpilotx/sharedlib/redis/redis.go:207.23,209.3 1 1
github.com/flowpilotx/sharedlib/redis/redis.go:210.2,210.27 1 1
github.com/flowpilotx/sharedlib/redis/redis.go:210.27,212.3 1 1
github.com/flowpilotx/sharedlib/redis/redis.go:213.2,213.25 1 1
github.com/flowpilotx/sharedlib/redis/redis.go:213.25,215.3 1 1
github.com/flowpilotx/sharedlib/redis/redis.go:216.2,216.26 1 1
github.com/flowpilotx/sharedlib/redis/redis.go:216.26,218.3 1 1
github.com/flowpilotx/sharedlib/redis/redis.go:219.2,219.26 1 1
github.com/flowpilotx/sharedlib/redis/redis.go:219.26,221.3 1 1
github.com/flowpilotx/sharedlib/redis/redis.go:222.2,222.27 1 1
github.com/flowpilotx/sharedlib/redis/redis.go:222.27,224.3 1 1
github.com/flowpilotx/sharedlib/redis/redis.go:225.2,225.34 1 1
github.com/flowpilotx/sharedlib/redis/redis.go:225.34,227.3 1 1
github.com/flowpilotx/sharedlib/redis/redis.go:228.2,228.33 1 1
github.com/flowpilotx/sharedlib/redis/redis.go:228.33,230.3 1 1
github.com/flowpilotx/sharedlib/redis/redis.go:233.2,233.55 1 1
github.com/flowpilotx/sharedlib/redis/redis.go:233.55,235.3 1 0
github.com/flowpilotx/sharedlib/redis/redis.go:237.2,237.12 1 1
github.com/flowpilotx/sharedlib/redis/redis.go:241.36,242.6 1 1
github.com/flowpilotx/sharedlib/redis/redis.go:242.6,243.10 1 1
github.com/flowpilotx/sharedlib/redis/redis.go:244.32,246.45 2 1
github.com/flowpilotx/sharedlib/redis/redis.go:246.45,249.5 1 0
github.com/flowpilotx/sharedlib/redis/redis.go:250.4,250.12 1 1
github.com/flowpilotx/sharedlib/redis/redis.go:251.28,252.10 1 1
github.com/flowpilotx/sharedlib/redis/redis.go:259.32,263.14 3 1
github.com/flowpilotx/sharedlib/redis/redis.go:263.14,265.3 1 1
github.com/flowpilotx/sharedlib/redis/redis.go:267.2,271.34 5 1
github.com/flowpilotx/sharedlib/redis/redis.go:275.38,278.14 3 1
github.com/flowpilotx/sharedlib/redis/redis.go:278.14,280.3 1 1
github.com/flowpilotx/sharedlib/redis/redis.go:281.2,281.12 1 1
github.com/flowpilotx/sharedlib/redis/redis.go:293.59,300.2 5 1
github.com/flowpilotx/sharedlib/redis/redis.go:304.31,306.2 1 1
github.com/flowpilotx/sharedlib/redis/redis.go:309.57,310.40 1 1
github.com/flowpilotx/sharedlib/redis/redis.go:310.40,312.3 1 0
github.com/flowpilotx/sharedlib/redis/redis.go:313.2,313.42 1 1
github.com/flowpilotx/sharedlib/redis/redis.go:324.85,325.40 1 1
github.com/flowpilotx/sharedlib/redis/redis.go:325.40,327.3 1 1
github.com/flowpilotx/sharedlib/redis/redis.go:328.2,328.67 1 1
github.com/flowpilotx/sharedlib/redis/redis.go:340.50,341.40 1 1
github.com/flowpilotx/sharedlib/redis/redis.go:341.40,343.3 1 1
github.com/flowpilotx/sharedlib/redis/redis.go:344.2,344.51 1 1
github.com/flowpilotx/sharedlib/redis/redis.go:353.47,354.40 1 1
github.com/flowpilotx/sharedlib/redis/redis.go:354.40,356.3 1 1
github.com/flowpilotx/sharedlib/redis/redis.go:357.2,357.52 1 1
github.com/flowpilotx/sharedlib/redis/redis.go:366.55,367.40 1 1
github.com/flowpilotx/sharedlib/redis/redis.go:367.40,369.3 1 1
github.com/flowpilotx/sharedlib/redis/redis.go:370.2,371.19 2 1
github.com/flowpilotx/sharedlib/redis/redis.go:375.69,376.40 1 1
github.com/flowpilotx/sharedlib/redis/redis.go:376.40,378.3 1 0
github.com/flowpilotx/sharedlib/redis/redis.go:379.2,379.63 1 1
github.com/flowpilotx/sharedlib/redis/redis.go:390.64,391.40 1 1
github.com/flowpilotx/sharedlib/redis/redis.go:391.40,393.3 1 1
github.com/flowpilotx/sharedlib/redis/redis.go:394.2,394.60 1 1
github.com/flowpilotx/sharedlib/redis/redis.go:403.58,404.40 1 1
github.com/flowpilotx/sharedlib/redis/redis.go:404.40,406.3 1 0
github.com/flowpilotx/sharedlib/redis/redis.go:407.2,407.59 1 1
github.com/flowpilotx/sharedlib/redis/redis.go:411.65,412.40 1 1
github.com/flowpilotx/sharedlib/redis/redis.go:412.40,414.3 1 0
github.com/flowpilotx/sharedlib/redis/redis.go:415.2,415.55 1 1
github.com/flowpilotx/sharedlib/redis/redis.go:419.59,420.40 1 1
github.com/flowpilotx/sharedlib/redis/redis.go:420.40,422.3 1 0
github.com/flowpilotx/sharedlib/redis/redis.go:423.2,423.60 1 1
github.com/flowpilotx/sharedlib/redis/redis.go:434.65,435.40 1 1
github.com/flowpilotx/sharedlib/redis/redis.go:435.40,437.3 1 1
github.com/flowpilotx/sharedlib/redis/redis.go:438.2,438.61 1 1
github.com/flowpilotx/sharedlib/redis/redis.go:447.65,448.40 1 1
github.com/flowpilotx/sharedlib/redis/redis.go:448.40,450.3 1 0
github.com/flowpilotx/sharedlib/redis/redis.go:451.2,451.61 1 1
github.com/flowpilotx/sharedlib/redis/redis.go:455.51,456.40 1 1
github.com/flowpilotx/sharedlib/redis/redis.go:456.40,458.3 1 0
github.com/flowpilotx/sharedlib/redis/redis.go:459.2,459.52 1 1
github.com/flowpilotx/sharedlib/redis/redis.go:463.51,464.40 1 1
github.com/flowpilotx/sharedlib/redis/redis.go:464.40,466.3 1 0
github.com/flowpilotx/sharedlib/redis/redis.go:467.2,467.52 1 1
github.com/flowpilotx/sharedlib/redis/redis.go:471.74,472.40 1 1
github.com/flowpilotx/sharedlib/redis/redis.go:472.40,474.3 1 0
github.com/flowpilotx/sharedlib/redis/redis.go:475.2,475.67 1 1
github.com/flowpilotx/sharedlib/redis/redis.go:486.65,487.40 1 1
github.com/flowpilotx/sharedlib/redis/redis.go:487.40,489.3 1 1
github.com/flowpilotx/sharedlib/redis/redis.go:490.2,490.61 1 1
github.com/flowpilotx/sharedlib/redis/redis.go:494.57,495.40 1 1
github.com/flowpilotx/sharedlib/redis/redis.go:495.40,497.3 1 0
github.com/flowpilotx/sharedlib/redis/redis.go:498.2,498.56 1 1
github.com/flowpilotx/sharedlib/redis/redis.go:502.65,503.40 1 1
github.com/flowpilotx/sharedlib/redis/redis.go:503.40,505.3 1 0
github.com/flowpilotx/sharedlib/redis/redis.go:506.2,506.61 1 1
github.com/flowpilotx/sharedlib/redis/redis.go:510.74,511.40 1 1
github.com/flowpilotx/sharedlib/redis/redis.go:511.40,513.3 1 0
github.com/flowpilotx/sharedlib/redis/redis.go:514.2,514.65 1 1
github.com/flowpilotx/sharedlib/redis/redis.go:528.61,529.40 1 1
github.com/flowpilotx/sharedlib/redis/redis.go:529.40,531.3 1 1
github.com/flowpilotx/sharedlib/redis/redis.go:532.2,532.61 1 1
github.com/flowpilotx/sharedlib/redis/redis.go:536.74,537.40 1 1
github.com/flowpilotx/sharedlib/redis/redis.go:537.40,539.3 1 0
github.com/flowpilotx/sharedlib/redis/redis.go:540.2,540.67 1 1
github.com/flowpilotx/sharedlib/redis/redis.go:544.83,545.40 1 1
github.com/flowpilotx/sharedlib/redis/redis.go:545.40,547.3 1 0
github.com/flowpilotx/sharedlib/redis/redis.go:548.2,548.66 1 1
github.com/flowpilotx/sharedlib/redis/redis.go:552.65,553.40 1 1
github.com/flowpilotx/sharedlib/redis/redis.go:553.40,555.3 1 0
github.com/flowpilotx/sharedlib/redis/redis.go:556.2,556.61 1 1
github.com/flowpilotx/sharedlib/redis/redis.go:568.45,569.40 1 1
github.com/flowpilotx/sharedlib/redis/redis.go:569.40,571.3 1 0
github.com/flowpilotx/sharedlib/redis/redis.go:572.2,572.37 1 1
github.com/flowpilotx/sharedlib/redis/redis.go:578.72,579.40 1 1
github.com/flowpilotx/sharedlib/redis/redis.go:579.40,581.3 1 0
github.com/flowpilotx/sharedlib/redis/redis.go:582.2,582.52 1 1
github.com/flowpilotx/sharedlib/redis/redis.go:602.62,603.40 1 1
github.com/flowpilotx/sharedlib/redis/redis.go:603.40,605.3 1 0
github.com/flowpilotx/sharedlib/redis/redis.go:606.2,606.56 1 1
github.com/flowpilotx/sharedlib/redis/redis.go:610.69,611.40 1 1
github.com/flowpilotx/sharedlib/redis/redis.go:611.40,613.3 1 1
github.com/flowpilotx/sharedlib/redis/redis.go:614.2,614.65 1 1
github.com/flowpilotx/sharedlib/redis/redis.go:620.34,621.40 1 1
github.com/flowpilotx/sharedlib/redis/redis.go:621.40,623.3 1 1
github.com/flowpilotx/sharedlib/redis/redis.go:624.2,624.47 1 0
github.com/flowpilotx/sharedlib/redis/redis.go:628.35,629.40 1 1
github.com/flowpilotx/sharedlib/redis/redis.go:629.40,631.3 1 0
github.com/flowpilotx/sharedlib/redis/redis.go:632.2,632.48 1 1
github.com/flowpilotx/sharedlib/redis/redis.go:636.57,637.40 1 1
github.com/flowpilotx/sharedlib/redis/redis.go:637.40,639.3 1 0
github.com/flowpilotx/sharedlib/redis/redis.go:640.2,640.56 1 1
github.com/flowpilotx/sharedlib/redis/redis.go:644.57,645.40 1 1
github.com/flowpilotx/sharedlib/redis/redis.go:645.40,647.3 1 0
github.com/flowpilotx/sharedlib/redis/redis.go:648.2,648.51 1 1
github.com/flowpilotx/sharedlib/redis/redis.go:652.58,653.40 1 1
github.com/flowpilotx/sharedlib/redis/redis.go:653.40,655.3 1 1
github.com/flowpilotx/sharedlib/redis/redis.go:656.2,656.59 1 1
github.com/flowpilotx/sharedlib/redis/redis.go:664.52,666.2 1 1
