mode: set
github.com/flowpilotx/sharedlib/nats/nats.go:92.30,105.2 1 0
github.com/flowpilotx/sharedlib/nats/nats.go:131.46,132.16 1 1
github.com/flowpilotx/sharedlib/nats/nats.go:132.16,134.3 1 0
github.com/flowpilotx/sharedlib/nats/nats.go:137.2,137.44 1 1
github.com/flowpilotx/sharedlib/nats/nats.go:137.44,139.3 1 1
github.com/flowpilotx/sharedlib/nats/nats.go:141.2,155.41 4 1
github.com/flowpilotx/sharedlib/nats/nats.go:155.41,158.3 2 1
github.com/flowpilotx/sharedlib/nats/nats.go:161.2,161.25 1 1
github.com/flowpilotx/sharedlib/nats/nats.go:161.25,163.17 2 1
github.com/flowpilotx/sharedlib/nats/nats.go:163.17,166.4 2 0
github.com/flowpilotx/sharedlib/nats/nats.go:167.3,167.17 1 1
github.com/flowpilotx/sharedlib/nats/nats.go:171.2,173.20 2 1
github.com/flowpilotx/sharedlib/nats/nats.go:177.40,178.59 1 1
github.com/flowpilotx/sharedlib/nats/nats.go:178.59,180.3 1 1
github.com/flowpilotx/sharedlib/nats/nats.go:181.2,181.29 1 1
github.com/flowpilotx/sharedlib/nats/nats.go:181.29,183.3 1 1
github.com/flowpilotx/sharedlib/nats/nats.go:184.2,184.19 1 1
github.com/flowpilotx/sharedlib/nats/nats.go:184.19,185.52 1 1
github.com/flowpilotx/sharedlib/nats/nats.go:185.52,187.4 1 1
github.com/flowpilotx/sharedlib/nats/nats.go:191.2,191.34 1 1
github.com/flowpilotx/sharedlib/nats/nats.go:191.34,193.3 1 1
github.com/flowpilotx/sharedlib/nats/nats.go:194.2,194.33 1 1
github.com/flowpilotx/sharedlib/nats/nats.go:194.33,196.3 1 1
github.com/flowpilotx/sharedlib/nats/nats.go:199.2,199.55 1 1
github.com/flowpilotx/sharedlib/nats/nats.go:199.55,201.3 1 1
github.com/flowpilotx/sharedlib/nats/nats.go:204.2,204.28 1 1
github.com/flowpilotx/sharedlib/nats/nats.go:204.28,206.3 1 1
github.com/flowpilotx/sharedlib/nats/nats.go:207.2,207.28 1 1
github.com/flowpilotx/sharedlib/nats/nats.go:207.28,209.3 1 1
github.com/flowpilotx/sharedlib/nats/nats.go:210.2,210.29 1 1
github.com/flowpilotx/sharedlib/nats/nats.go:210.29,212.3 1 1
github.com/flowpilotx/sharedlib/nats/nats.go:213.2,213.27 1 1
github.com/flowpilotx/sharedlib/nats/nats.go:213.27,215.3 1 1
github.com/flowpilotx/sharedlib/nats/nats.go:216.2,216.30 1 1
github.com/flowpilotx/sharedlib/nats/nats.go:216.30,218.3 1 1
github.com/flowpilotx/sharedlib/nats/nats.go:219.2,219.31 1 1
github.com/flowpilotx/sharedlib/nats/nats.go:219.31,221.3 1 1
github.com/flowpilotx/sharedlib/nats/nats.go:223.2,223.12 1 1
github.com/flowpilotx/sharedlib/nats/nats.go:227.44,228.43 1 1
github.com/flowpilotx/sharedlib/nats/nats.go:228.43,230.3 1 1
github.com/flowpilotx/sharedlib/nats/nats.go:232.2,232.57 1 1
github.com/flowpilotx/sharedlib/nats/nats.go:232.57,233.17 1 1
github.com/flowpilotx/sharedlib/nats/nats.go:233.17,235.4 1 1
github.com/flowpilotx/sharedlib/nats/nats.go:235.9,237.4 1 1
github.com/flowpilotx/sharedlib/nats/nats.go:240.2,240.45 1 1
github.com/flowpilotx/sharedlib/nats/nats.go:240.45,242.3 1 0
github.com/flowpilotx/sharedlib/nats/nats.go:244.2,244.74 1 1
github.com/flowpilotx/sharedlib/nats/nats.go:244.74,245.17 1 0
github.com/flowpilotx/sharedlib/nats/nats.go:245.17,247.4 1 0
github.com/flowpilotx/sharedlib/nats/nats.go:247.9,249.4 1 0
github.com/flowpilotx/sharedlib/nats/nats.go:254.34,263.60 1 1
github.com/flowpilotx/sharedlib/nats/nats.go:263.60,264.18 1 1
github.com/flowpilotx/sharedlib/nats/nats.go:264.18,266.5 1 1
github.com/flowpilotx/sharedlib/nats/nats.go:267.4,267.36 1 1
github.com/flowpilotx/sharedlib/nats/nats.go:267.36,269.5 1 1
github.com/flowpilotx/sharedlib/nats/nats.go:271.45,273.35 2 1
github.com/flowpilotx/sharedlib/nats/nats.go:273.35,275.5 1 1
github.com/flowpilotx/sharedlib/nats/nats.go:277.42,281.4 3 1
github.com/flowpilotx/sharedlib/nats/nats.go:282.76,283.18 1 0
github.com/flowpilotx/sharedlib/nats/nats.go:283.18,285.5 1 0
github.com/flowpilotx/sharedlib/nats/nats.go:286.4,286.29 1 0
github.com/flowpilotx/sharedlib/nats/nats.go:286.29,288.5 1 0
github.com/flowpilotx/sharedlib/nats/nats.go:290.43,292.33 2 1
github.com/flowpilotx/sharedlib/nats/nats.go:292.33,294.5 1 1
github.com/flowpilotx/sharedlib/nats/nats.go:301.2,301.56 1 1
github.com/flowpilotx/sharedlib/nats/nats.go:301.56,303.3 1 1
github.com/flowpilotx/sharedlib/nats/nats.go:303.8,303.33 1 1
github.com/flowpilotx/sharedlib/nats/nats.go:303.33,305.3 1 0
github.com/flowpilotx/sharedlib/nats/nats.go:308.2,308.24 1 1
github.com/flowpilotx/sharedlib/nats/nats.go:308.24,309.62 1 0
github.com/flowpilotx/sharedlib/nats/nats.go:309.62,311.4 1 0
github.com/flowpilotx/sharedlib/nats/nats.go:312.3,312.35 1 0
github.com/flowpilotx/sharedlib/nats/nats.go:312.35,314.4 1 0
github.com/flowpilotx/sharedlib/nats/nats.go:317.2,318.34 2 1
github.com/flowpilotx/sharedlib/nats/nats.go:318.34,322.3 2 1
github.com/flowpilotx/sharedlib/nats/nats.go:322.8,325.3 1 1
github.com/flowpilotx/sharedlib/nats/nats.go:327.2,327.16 1 1
github.com/flowpilotx/sharedlib/nats/nats.go:327.16,329.3 1 0
github.com/flowpilotx/sharedlib/nats/nats.go:332.2,332.27 1 1
github.com/flowpilotx/sharedlib/nats/nats.go:332.27,334.3 1 1
github.com/flowpilotx/sharedlib/nats/nats.go:336.2,336.12 1 1
github.com/flowpilotx/sharedlib/nats/nats.go:340.36,341.6 1 1
github.com/flowpilotx/sharedlib/nats/nats.go:341.6,342.10 1 1
github.com/flowpilotx/sharedlib/nats/nats.go:343.32,344.62 1 1
github.com/flowpilotx/sharedlib/nats/nats.go:344.62,346.5 1 1
github.com/flowpilotx/sharedlib/nats/nats.go:347.28,348.10 1 1
github.com/flowpilotx/sharedlib/nats/nats.go:354.32,358.14 3 1
github.com/flowpilotx/sharedlib/nats/nats.go:358.14,360.3 1 1
github.com/flowpilotx/sharedlib/nats/nats.go:362.2,363.32 2 1
github.com/flowpilotx/sharedlib/nats/nats.go:363.32,365.3 1 1
github.com/flowpilotx/sharedlib/nats/nats.go:366.2,366.30 1 1
github.com/flowpilotx/sharedlib/nats/nats.go:366.30,368.3 1 1
github.com/flowpilotx/sharedlib/nats/nats.go:369.2,369.21 1 1
github.com/flowpilotx/sharedlib/nats/nats.go:369.21,371.3 1 1
github.com/flowpilotx/sharedlib/nats/nats.go:373.2,373.19 1 1
github.com/flowpilotx/sharedlib/nats/nats.go:373.19,375.3 1 1
github.com/flowpilotx/sharedlib/nats/nats.go:376.2,376.12 1 0
github.com/flowpilotx/sharedlib/nats/nats.go:380.38,383.14 3 1
github.com/flowpilotx/sharedlib/nats/nats.go:383.14,385.3 1 1
github.com/flowpilotx/sharedlib/nats/nats.go:386.2,386.12 1 1
github.com/flowpilotx/sharedlib/nats/nats.go:390.52,391.40 1 1
github.com/flowpilotx/sharedlib/nats/nats.go:391.40,393.3 1 1
github.com/flowpilotx/sharedlib/nats/nats.go:394.2,394.37 1 1
github.com/flowpilotx/sharedlib/nats/nats.go:398.42,399.14 1 1
github.com/flowpilotx/sharedlib/nats/nats.go:399.14,401.3 1 1
github.com/flowpilotx/sharedlib/nats/nats.go:403.2,403.40 1 1
github.com/flowpilotx/sharedlib/nats/nats.go:403.40,405.3 1 1
github.com/flowpilotx/sharedlib/nats/nats.go:407.2,407.19 1 1
github.com/flowpilotx/sharedlib/nats/nats.go:407.19,409.3 1 0
github.com/flowpilotx/sharedlib/nats/nats.go:411.2,411.27 1 1
github.com/flowpilotx/sharedlib/nats/nats.go:411.27,413.3 1 1
github.com/flowpilotx/sharedlib/nats/nats.go:415.2,415.12 1 1
github.com/flowpilotx/sharedlib/nats/nats.go:419.61,420.44 1 1
github.com/flowpilotx/sharedlib/nats/nats.go:420.44,422.3 1 1
github.com/flowpilotx/sharedlib/nats/nats.go:423.2,423.38 1 1
github.com/flowpilotx/sharedlib/nats/nats.go:427.50,428.40 1 0
github.com/flowpilotx/sharedlib/nats/nats.go:428.40,430.3 1 0
github.com/flowpilotx/sharedlib/nats/nats.go:431.2,431.31 1 0
github.com/flowpilotx/sharedlib/nats/nats.go:435.97,436.44 1 1
github.com/flowpilotx/sharedlib/nats/nats.go:436.44,438.3 1 1
github.com/flowpilotx/sharedlib/nats/nats.go:439.2,439.43 1 1
github.com/flowpilotx/sharedlib/nats/nats.go:443.109,444.44 1 1
github.com/flowpilotx/sharedlib/nats/nats.go:444.44,446.3 1 1
github.com/flowpilotx/sharedlib/nats/nats.go:447.2,447.55 1 1
github.com/flowpilotx/sharedlib/nats/nats.go:451.97,452.44 1 1
github.com/flowpilotx/sharedlib/nats/nats.go:452.44,454.3 1 1
github.com/flowpilotx/sharedlib/nats/nats.go:455.2,455.47 1 1
github.com/flowpilotx/sharedlib/nats/nats.go:461.61,462.44 1 1
github.com/flowpilotx/sharedlib/nats/nats.go:462.44,464.3 1 1
github.com/flowpilotx/sharedlib/nats/nats.go:465.2,465.17 1 0
github.com/flowpilotx/sharedlib/nats/nats.go:465.17,467.3 1 0
github.com/flowpilotx/sharedlib/nats/nats.go:468.2,468.18 1 0
github.com/flowpilotx/sharedlib/nats/nats.go:472.81,473.40 1 1
github.com/flowpilotx/sharedlib/nats/nats.go:473.40,475.3 1 0
github.com/flowpilotx/sharedlib/nats/nats.go:476.2,476.17 1 1
github.com/flowpilotx/sharedlib/nats/nats.go:476.17,478.3 1 0
github.com/flowpilotx/sharedlib/nats/nats.go:479.2,479.28 1 1
github.com/flowpilotx/sharedlib/nats/nats.go:483.81,484.40 1 1
github.com/flowpilotx/sharedlib/nats/nats.go:484.40,486.3 1 0
github.com/flowpilotx/sharedlib/nats/nats.go:487.2,487.17 1 1
github.com/flowpilotx/sharedlib/nats/nats.go:487.17,489.3 1 0
github.com/flowpilotx/sharedlib/nats/nats.go:490.2,490.31 1 1
github.com/flowpilotx/sharedlib/nats/nats.go:494.50,495.40 1 1
github.com/flowpilotx/sharedlib/nats/nats.go:495.40,497.3 1 0
github.com/flowpilotx/sharedlib/nats/nats.go:498.2,498.17 1 1
github.com/flowpilotx/sharedlib/nats/nats.go:498.17,500.3 1 0
github.com/flowpilotx/sharedlib/nats/nats.go:501.2,501.32 1 1
github.com/flowpilotx/sharedlib/nats/nats.go:505.68,506.40 1 1
github.com/flowpilotx/sharedlib/nats/nats.go:506.40,508.3 1 0
github.com/flowpilotx/sharedlib/nats/nats.go:509.2,509.17 1 1
github.com/flowpilotx/sharedlib/nats/nats.go:509.17,511.3 1 0
github.com/flowpilotx/sharedlib/nats/nats.go:512.2,512.30 1 1
github.com/flowpilotx/sharedlib/nats/nats.go:516.87,517.40 1 1
github.com/flowpilotx/sharedlib/nats/nats.go:517.40,519.3 1 0
github.com/flowpilotx/sharedlib/nats/nats.go:520.2,520.17 1 1
github.com/flowpilotx/sharedlib/nats/nats.go:520.17,522.3 1 0
github.com/flowpilotx/sharedlib/nats/nats.go:523.2,523.41 1 1
github.com/flowpilotx/sharedlib/nats/nats.go:527.127,528.40 1 1
github.com/flowpilotx/sharedlib/nats/nats.go:528.40,530.3 1 0
github.com/flowpilotx/sharedlib/nats/nats.go:531.2,531.17 1 1
github.com/flowpilotx/sharedlib/nats/nats.go:531.17,533.3 1 0
github.com/flowpilotx/sharedlib/nats/nats.go:534.2,534.50 1 1
github.com/flowpilotx/sharedlib/nats/nats.go:538.139,539.40 1 1
github.com/flowpilotx/sharedlib/nats/nats.go:539.40,541.3 1 0
github.com/flowpilotx/sharedlib/nats/nats.go:542.2,542.17 1 1
github.com/flowpilotx/sharedlib/nats/nats.go:542.17,544.3 1 0
github.com/flowpilotx/sharedlib/nats/nats.go:545.2,545.62 1 1
github.com/flowpilotx/sharedlib/nats/nats.go:550.45,552.2 1 0
github.com/flowpilotx/sharedlib/nats/nats.go:555.45,556.19 1 1
github.com/flowpilotx/sharedlib/nats/nats.go:556.19,558.3 1 0
github.com/flowpilotx/sharedlib/nats/nats.go:559.2,559.23 1 1
github.com/flowpilotx/sharedlib/nats/nats.go:563.63,564.40 1 1
github.com/flowpilotx/sharedlib/nats/nats.go:564.40,566.3 1 1
github.com/flowpilotx/sharedlib/nats/nats.go:567.2,567.23 1 1
github.com/flowpilotx/sharedlib/nats/nats.go:571.53,572.40 1 1
github.com/flowpilotx/sharedlib/nats/nats.go:572.40,574.3 1 1
github.com/flowpilotx/sharedlib/nats/nats.go:575.2,575.37 1 1
github.com/flowpilotx/sharedlib/nats/nats.go:579.39,580.19 1 1
github.com/flowpilotx/sharedlib/nats/nats.go:580.19,582.3 1 0
github.com/flowpilotx/sharedlib/nats/nats.go:583.2,583.24 1 1
github.com/flowpilotx/sharedlib/nats/nats.go:587.38,588.19 1 0
github.com/flowpilotx/sharedlib/nats/nats.go:588.19,590.3 1 0
github.com/flowpilotx/sharedlib/nats/nats.go:591.2,591.22 1 0
github.com/flowpilotx/sharedlib/nats/nats.go:595.39,596.19 1 0
github.com/flowpilotx/sharedlib/nats/nats.go:596.19,598.3 1 0
github.com/flowpilotx/sharedlib/nats/nats.go:599.2,599.23 1 0
github.com/flowpilotx/sharedlib/nats/nats.go:603.36,604.19 1 1
github.com/flowpilotx/sharedlib/nats/nats.go:604.19,606.3 1 0
github.com/flowpilotx/sharedlib/nats/nats.go:607.2,607.27 1 1
